Test     : State: 
Test     :  Model state valid at time: 2021-06-29T21:00:00Z
Test     :     2 variables: sea_surface_temperature, sea_surface_temperature_background_error
Test     :     atlas field norms:
Test     :         sea_surface_temperature: 0.136432
Test     :         sea_surface_temperature_background_error: 0.000607255 

Test     : H(x): 
Test     : Sea Surface Temperature nobs= 8 Min=0, Max=18.4389, RMS=12.9296

Test     : End H(x)


