       Independent levels:  1[1]
          Subset Sc0 size:            26460
          Domain area (% of Earth area): 0.642E+02%
             Level   1 ~>  64.2%
             Level   1 ~>  0.100E+01 vert. coord.
             Effective levels:   1 
                Horizontal support radius:   40000.00 km (  40000.00 km -   40000.00 km)
                Estimated nc1 from horizontal support radius:        2
                   Decimate full grid, at least        3 points required,      31 valid points found
                   Subgrid hash:    904203577
                Final nc1:        3
                Effective horizontal resolution:  3.56
             nc1(  1) =                          3
             ns =                                3
             v%n_s =                             1
             c%n_s[global] =                     7
