Input Dirac increment:Increment valid at time: 2021-06-30T12:00:00Z
    1 variables: ice_area_fraction
    atlas field:
        ice_area_fraction num: 26553 mean: 3.76605e-05 rms: 6.13682e-03 min: 0.00000e+00 max: 1.00000e+00

       Independent levels:  1[1]
          Subset Sc0 size:            26460
          Domain area (% of Earth area): 0.642E+02%
             Level   1 ~>  64.2%
             Level   1 ~>  0.100E+01 vert. coord.
       Independent levels:  1[1]
          Subset Sc0 size:            26460
          Domain area (% of Earth area): 0.642E+02%
             Level   1 ~>  64.2%
             Level   1 ~>  0.100E+01 vert. coord.
Covariance(SABER) * Increment:Increment valid at time: 2021-06-30T12:00:00Z
    1 variables: ice_area_fraction
    atlas field:
        ice_area_fraction num: 17074 mean: 9.21018e-03 rms: 7.51883e-02 min: 0.00000e+00 max: 1.00000e+00

