Test     : Initial state: 
Test     :  Model state valid at time: 2021-06-28T23:00:00Z
Test     :     2 variables: ice_area_fraction, ice_area_fraction_background_error
Test     :     atlas field norms:
Test     :         ice_area_fraction: 0.00000e+00
Test     :         ice_area_fraction_background_error: 3.03628e-03

Test     : Final state: 
Test     :  Model state valid at time: 2021-07-01T23:00:00Z
Test     :     2 variables: ice_area_fraction, ice_area_fraction_background_error
Test     :     atlas field norms:
Test     :         ice_area_fraction: 3.20233e-03
Test     :         ice_area_fraction_background_error: 3.03628e-03

Test     : H(x): 
Test     : Sea Ice nobs= 10 Min=-3.19582e+38, Max=5.41667e-01, RMS=1.75042e+38

Test     : End H(x)
