Test     : State: 
Test     :  Model state valid at time: 2021-06-30T00:00:00Z
Test     :     2 variables: sea_surface_temperature, seaSurfaceTemperature_background_error
Test     :     atlas field norms:
Test     :         sea_surface_temperature: 1.37607e-01
Test     :         seaSurfaceTemperature_background_error: 6.13682e-04

Test     : H(x): 
Test     : Sea Surface Temperature nobs= 7 Min=17.6445, Max=18.4389, RMS=18.0723

Test     : End H(x)


