Test     : State: 
Test     : Model state valid at time: 2021-06-30T00:00:00Z
Test     :     3 variables: sea_water_potential_temperature, depthBelowWaterSurface, sea_water_potential_temperature_background_error
Test     :     atlas field norms:
Test     :         sea_water_potential_temperature: 9.73262e-02
Test     :         sea_water_potential_temperature_background_error: 3.54309e-04
Test     :         depthBelowWaterSurface: 2.05581e-01

Test     : H(x): 
Test     : Sea Temperature nobs= 6 Min=1.80417e+01, Max=1.81944e+01, RMS=1.81181e+01

Test     : End H(x)
